SQL> 
SQL> start C:\Users\lenni\Developer\lasalle\DATABASES-LaSalle\homework8\7Northwoods.sql;

Grant succeeded.


User dropped.


User created.


Grant succeeded.


User altered.

Connected.
DROP TABLE enrollment CASCADE CONSTRAINTS
           *
ERROR at line 1:
ORA-00942: table or view does not exist 


DROP TABLE course_section CASCADE CONSTRAINTS
           *
ERROR at line 1:
ORA-00942: table or view does not exist 


DROP TABLE term CASCADE CONSTRAINTS
           *
ERROR at line 1:
ORA-00942: table or view does not exist 


DROP TABLE course CASCADE CONSTRAINTS
           *
ERROR at line 1:
ORA-00942: table or view does not exist 


DROP TABLE student CASCADE CONSTRAINTS
           *
ERROR at line 1:
ORA-00942: table or view does not exist 


DROP TABLE faculty CASCADE CONSTRAINTS
           *
ERROR at line 1:
ORA-00942: table or view does not exist 


DROP TABLE location CASCADE CONSTRAINTS
           *
ERROR at line 1:
ORA-00942: table or view does not exist 



Table created.


Table created.


Table created.


Table created.


Table created.


Table created.


Table created.


1 row created.


1 row created.


1 row created.


1 row created.


1 row created.


1 row created.


1 row created.


1 row created.


1 row created.


1 row created.


1 row created.


1 row created.


1 row created.


1 row created.


1 row created.


1 row created.


1 row created.


1 row created.


1 row created.


1 row created.


1 row created.


1 row created.


1 row created.


1 row created.


1 row created.


1 row created.


1 row created.


1 row created.


1 row created.


1 row created.


1 row created.


1 row created.


1 row created.


1 row created.


1 row created.


1 row created.


1 row created.


1 row created.


1 row created.


1 row created.


1 row created.


1 row created.


1 row created.


1 row created.


1 row created.


1 row created.


1 row created.


1 row created.


1 row created.


1 row created.


1 row created.


1 row created.


1 row created.


1 row created.


1 row created.


1 row created.


1 row created.


1 row created.


1 row created.


1 row created.


1 row created.


1 row created.


1 row created.


1 row created.


1 row created.


1 row created.


1 row created.


1 row created.


Commit complete.

SQL> 
SQL> CREATE VIEW student_faculty_1 AS
  2  SELECT s_last, s_first, s_dob
  3  FROM Student
  4  WHERE f_id IN (1, 2);

View created.

SQL> 
SQL> GRANT SELECT, INSERT, DELETE, UPDATE ON student_faculty_1 TO c##nora03;

Grant succeeded.

SQL> 
SQL> CONNECT c##nora03/123;
Connected.
SQL> 
SQL> SELECT * FROM c##des03.student_faculty_1;

S_LAST                         S_FIRST                        S_DOB             
------------------------------ ------------------------------ ---------         
Miller                         Sarah                          14-JUL-85         
Umato                          Brian                          19-AUG-85         
Black                          Daniel                         10-OCT-82         
Mobley                         Amanda                         24-SEP-86         

SQL> 
SQL> SPOOL OFF;
